C51 COMPILER V9.01   MAIN                                                                  12/17/2025 17:54:25 PAGE 1   


C51 COMPILER V9.01, COMPILATION OF MODULE MAIN
OBJECT MODULE PLACED IN .\Objects\main.obj
COMPILER INVOKED BY: D:\Keil_v5\C51\BIN\C51.EXE Sources\main.c LARGE OPTIMIZE(8,SPEED) BROWSE INCDIR(.\Sources\inc) DEBU
                    -G OBJECTEXTEND PRINT(.\Listings\main.lst) OBJECT(.\Objects\main.obj)

line level    source

   1          //<<AICUBE_USER_HEADER_REMARK_BEGIN>>
   2          ////////////////////////////////////////
   3          // 在此添加用户文件头说明信息
   4          // 文件名称: main.c
   5          // 文件描述:
   6          // 文件版本: V1.0
   7          // 修改记录:
   8          //   1. (2025-12-03) 创建文件
   9          ////////////////////////////////////////
  10          //<<AICUBE_USER_HEADER_REMARK_END>>
  11          
  12          #include "config.h" //默认已包含stdio.h、intrins.h等头文件
  13          
  14          //<<AICUBE_USER_INCLUDE_BEGIN>>
  15          // 在此添加用户头文件包含
  16          //<<AICUBE_USER_INCLUDE_END>>
  17          
  18          //<<AICUBE_USER_GLOBAL_DEFINE_BEGIN>>
  19          #define ADC_COMPARE_VALUE 0x999
  20          
  21          uint16_t adcValue = 0;
  22          volatile uint8_t isOpenPWM = 0;
  23          volatile uint16_t pwm_counter = 0;
  24          volatile uint16_t pwm_half_period_count = 0;
  25          
  26          sbit PWM_PIN = P1 ^ 0;
  27          volatile uint8_t triggered = 0;
  28          uint8_t ch = 0;
  29          uint8_t noteIndex = 0;
  30          
  31          // C5 ~ B5
  32          const uint16_t noteFreq[7] = {
  33              523, // C5
  34              587, // D5
  35              659, // E5
  36              698, // F5
  37              784, // G5
  38              880, // A5
  39              988  // B5
  40          };
  41          
  42          // 定义 ADC通道 -> 音符索引 映射表
  43          // const uint8_t adcChannelToNote[15] = {
  44          //    0xFF, 0xFF, 0xFF, 0xFF,  // 0~3 未用
  45          //    0xFF, 0xFF, 0xFF, 0xFF,  // 4~7 未用
  46          //    5,    // 8 -> F5
  47          //    6,    // 9 -> G5
  48          //    7,    // 10 -> A5
  49          //    8,    // 11 -> B5
  50          //    0,    // 12 -> C5
  51          //    1,    // 13 -> D5
  52          //    2     // 14 -> E5
  53          //};
  54          const uint8_t adcChannelToNote[15] = {
C51 COMPILER V9.01   MAIN                                                                  12/17/2025 17:54:25 PAGE 2   

  55              0xFF, 0xFF, 0xFF, 0xFF, 0xFF, 0xFF, 0xFF, 0xFF, // 0~7 未用
  56              3,                                              // 8 -> so
  57              4,                                              // 9 -> la
  58              5,                                              // 10 -> xi
  59              6,                                              // 11 -> do
  60              0,                                              // 12 -> re
  61              1,                                              // 13 -> mi
  62              2                                               // 14 -> fa
  63          };
  64          
  65          // 设置 PWM 频率：freq 单位为 Hz
  66          void PWM_SetFreq(uint16_t freq)
  67          {
  68   1        // Timer0 中断周期 = 20us
  69   1        // half period = 1/(2*freq)
  70   1        // 需要的中断次数 = half_period / 20us
  71   1        pwm_half_period_count = 25000 / freq;
  72   1      
  73   1        if (pwm_half_period_count < 1)
  74   1          pwm_half_period_count = 1;
  75   1      
  76   1        pwm_counter = 0;
  77   1      }
  78          
  79          //<<AICUBE_USER_GLOBAL_DEFINE_END>>
  80          
  81          ////////////////////////////////////////
  82          // 项目主函数
  83          // 入口参数: 无
  84          // 函数返回: 无
  85          ////////////////////////////////////////
  86          void main(void)
  87          {
  88   1        //<<AICUBE_USER_MAIN_INITIAL_BEGIN>>
  89   1        // 在此添加用户主函数初始化代码
  90   1        //<<AICUBE_USER_MAIN_INITIAL_END>>
  91   1      
  92   1        SYS_Init();
  93   1      
  94   1        //<<AICUBE_USER_MAIN_CODE_BEGIN>>
  95   1        // 在此添加主函数中运行一次的用户代码
  96   1        //<<AICUBE_USER_MAIN_CODE_END>>
  97   1      
  98   1        while (1)
  99   1        {
 100   2          USBLIB_OUT_Done(); // 查询方式处理USB接收的数据
 101   2      
 102   2          //<<AICUBE_USER_MAIN_LOOP_BEGIN>>
 103   2          triggered = 0;
 104   2          for (ch = 8; ch <= 14; ch++)
 105   2          {
 106   3              adcValue = ADC_Convert(ch);
 107   3      
 108   3              if (adcValue < ADC_COMPARE_VALUE)
 109   3              {
 110   4                  noteIndex = adcChannelToNote[ch]; // 使用映射表
 111   4                  PWM_SetFreq(noteFreq[noteIndex]);
 112   4                  isOpenPWM = 1;  // 只有检测到才开启
 113   4                  triggered = 1;
 114   4                  break; // 有一个触发就播放对应音调
 115   4              }
 116   3          }
C51 COMPILER V9.01   MAIN                                                                  12/17/2025 17:54:25 PAGE 3   

 117   2      
 118   2          if (triggered != 1)
 119   2          {
 120   3              isOpenPWM = 0; // 没触发就关闭 PWM
 121   3              PWM_PIN = 0;   // 静音
 122   3          }
 123   2          delay_ms(50);
 124   2          //<<AICUBE_USER_MAIN_LOOP_END>>
 125   2        }
 126   1      }
 127          
 128          ////////////////////////////////////////
 129          // 系统初始化函数
 130          // 入口参数: 无
 131          // 函数返回: 无
 132          ////////////////////////////////////////
 133          void SYS_Init(void)
 134          {
 135   1        EnableAccessXFR(); // 使能访问扩展XFR
 136   1        IAP_SetTimeBase(); // 设置IAP等待参数,产生1us时基
 137   1      
 138   1        //<<AICUBE_USER_PREINITIAL_CODE_BEGIN>>
 139   1        // 在此添加用户预初始化代码
 140   1        //<<AICUBE_USER_PREINITIAL_CODE_END>>
 141   1      
 142   1        P0M0 = 0x00;
 143   1        P0M1 = 0x00; // 初始化P0口为准双向口模式
 144   1        P1M0 = 0x00;
 145   1        P1M1 = 0x00; // 初始化P1口为准双向口模式
 146   1        P2M0 = 0x00;
 147   1        P2M1 = 0x00; // 初始化P2口为准双向口模式
 148   1        P3M0 = 0x00;
 149   1        P3M1 = 0x00; // 初始化P3口为准双向口模式
 150   1        P4M0 = 0x00;
 151   1        P4M1 = 0x00; // 初始化P4口为准双向口模式
 152   1        P5M0 = 0x00;
 153   1        P5M1 = 0x00; // 初始化P5口为准双向口模式
 154   1        P6M0 = 0x00;
 155   1        P6M1 = 0x00; // 初始化P6口为准双向口模式
 156   1        P7M0 = 0x00;
 157   1        P7M1 = 0x00; // 初始化P7口为准双向口模式
 158   1      
 159   1        TIMER0_Init(); // 定时器0初始化
 160   1        ADC_Init();    // ADC初始化
 161   1        delay_ms(1);
 162   1        USBLIB_Init(); // USB库初始化
 163   1        delay_ms(1);
 164   1      
 165   1        //<<AICUBE_USER_INITIAL_CODE_BEGIN>>
 166   1        // 在此添加用户初始化代码
 167   1        //<<AICUBE_USER_INITIAL_CODE_END>>
 168   1      
 169   1        EnableGlobalInt(); // 使能全局中断
 170   1      }
 171          
 172          ////////////////////////////////////////
 173          // 微秒延时函数
 174          // 入口参数: us (设置延时的微秒值)
 175          // 函数返回: 无
 176          ////////////////////////////////////////
 177          void delay_us(uint16_t us)
 178          {
C51 COMPILER V9.01   MAIN                                                                  12/17/2025 17:54:25 PAGE 4   

 179   1        do
 180   1        {
 181   2          NOP(14); //(MAIN_Fosc + 500000) / 1000000 - 10
 182   2        } while (--us);
 183   1      }
 184          
 185          ////////////////////////////////////////
 186          // 毫秒延时函数
 187          // 入口参数: ms (设置延时的毫秒值)
 188          // 函数返回: 无
 189          ////////////////////////////////////////
 190          void delay_ms(uint16_t ms)
 191          {
 192   1        uint16_t i;
 193   1      
 194   1        do
 195   1        {
 196   2          i = MAIN_Fosc / 10000;
 197   2          while (--i)
 198   2            ;
 199   2        } while (--ms);
 200   1      }
 201          
 202          ////////////////////////////////////////
 203          // 定时器0初始化函数
 204          // 入口参数: 无
 205          // 函数返回: 无
 206          ////////////////////////////////////////
 207          void TIMER0_Init(void)
 208          {
 209   1      #define T0_RELOAD (65536 - (float)SYSCLK / 12 * 20 / 1000000) // 定时周期20微秒
 210   1      
 211   1        TIMER0_TimerMode();            // 设置定时器0为定时模式
 212   1        TIMER0_12TMode();              // 设置定时器0为12T模式
 213   1        TIMER0_Mode0();                // 设置定时器0为模式0 (16位自动重载模式)
 214   1        TIMER0_DisableGateINT0();      // 禁止定时器0门控
 215   1        TIMER0_SetIntPriority(3);      // 设置中断为最高优先级
 216   1        TIMER0_EnableInt();            // 使能定时器0中断
 217   1        TIMER0_SetReload16(T0_RELOAD); // 设置定时器0的16位重载值
 218   1        TIMER0_Run();                  // 定时器0开始运行
 219   1      
 220   1        //<<AICUBE_USER_TIMER0_INITIAL_BEGIN>>
 221   1        // 在此添加用户初始化代码
 222   1        //<<AICUBE_USER_TIMER0_INITIAL_END>>
 223   1      }
 224          
 225          ////////////////////////////////////////
 226          // ADC初始化函数
 227          // 入口参数: 无
 228          // 函数返回: 无
 229          ////////////////////////////////////////
 230          void ADC_Init(void)
 231          {
 232   1        ADC_SetClockDivider(0); // 设置ADC时钟
 233   1        ADC_ResultRightAlign(); // 设置ADC结果右对齐(12位结果)
 234   1        ADC_SetRepeat2Times();  // ADC自动重复转换2次并取平均值
 235   1      
 236   1        ADC_SetCSSetupCycles(0);    // 设置ADC通道选择建立时间
 237   1        ADC_SetCSHoldCycles(1);     // 设置ADC通道选择保持时间
 238   1        ADC_SetSampleDutyCycles(9); // 设置ADC通道采样时间
 239   1      
 240   1        ADC_ActiveChannel(8); // 选择ADC通道
C51 COMPILER V9.01   MAIN                                                                  12/17/2025 17:54:25 PAGE 5   

 241   1        ADC_Enable();         // 使能ADC功能
 242   1      
 243   1        //<<AICUBE_USER_ADC_INITIAL_BEGIN>>
 244   1        // 在此添加用户初始化代码
 245   1        //<<AICUBE_USER_ADC_INITIAL_END>>
 246   1      }
 247          
 248          ////////////////////////////////////////
 249          // 获取ADC转换结果函数
 250          // 入口参数: ch (ADC通道选择)
 251          // 函数返回: ADC转换结果
 252          ////////////////////////////////////////
 253          uint16_t ADC_Convert(uint8_t ch)
 254          {
 255   1        uint16_t res; // 定义保存ADC结果的变量
 256   1      
 257   1        ADC_ActiveChannel(ch); // 选择ADC通道
 258   1        ADC_Start();           // 开始ADC转换
 259   1        while (!ADC_CheckFlag())
 260   1          ;                     // 等待ADC转换完成
 261   1        ADC_ClearFlag();        // 清除ADC转换完成中断标志
 262   1        res = ADC_ReadResult(); // 读取ADC转换结果
 263   1      
 264   1        return res; // 返回ADC结果
 265   1      }
 266          
 267          ////////////////////////////////////////
 268          // USB库初始化函数
 269          // 入口参数: 无
 270          // 函数返回: 无
 271          ////////////////////////////////////////
 272          void USBLIB_Init(void)
 273          {
 274   1        usb_init();                 // 初始化USB模块
 275   1        USB_SetIntPriority(0);      // 设置中断为最低优先级
 276   1        set_usb_ispcmd("@STCISP#"); // 设置USB不停电下载命令
 277   1      
 278   1        //<<AICUBE_USER_USBLIB_INITIAL_BEGIN>>
 279   1        // 在此添加用户初始化代码
 280   1        //<<AICUBE_USER_USBLIB_INITIAL_END>>
 281   1      }
 282          
 283          ////////////////////////////////////////
 284          // 等待USB配置完成函数
 285          // 入口参数: 无
 286          // 函数返回: 无
 287          ////////////////////////////////////////
 288          void USBLIB_WaitConfiged(void)
 289          {
 290   1        while (DeviceState != DEVSTATE_CONFIGURED) // 等待USB完成配置
 291   1          WDT_Clear();                             // 清看门狗定时器 (防止硬件自动使能看门狗)
 292   1      }
 293          
 294          ////////////////////////////////////////
 295          // USB设备接收数据处理程序
 296          // 入口参数: 无
 297          // 函数返回: 无
 298          // bUsbOutReady：USB设备接收数据标志位
 299          // OutNumber：USB设备接收到的数据长度
 300          // UsbOutBuffer：保存USB设备接收到的数据
 301          ////////////////////////////////////////
 302          void USBLIB_OUT_Done(void)
C51 COMPILER V9.01   MAIN                                                                  12/17/2025 17:54:25 PAGE 6   

 303          {
 304   1        if (bUsbOutReady) // 查询是否有接收到USB主机发送数据
 305   1        {
 306   2          //<<AICUBE_USER_USBLIB_ISR_CODE1_BEGIN>>
 307   2          // 在此添加中断函数用户代码
 308   2          USB_SendData(UsbOutBuffer, OutNumber); // 原路返回, 用于测试
 309   2          // 在此处添加用户处理接收数据的代码
 310   2          //<<AICUBE_USER_USBLIB_ISR_CODE1_END>>
 311   2          usb_OUT_done(); // 当前包的数据处理完成,通知USB主机可以发送下一包数据
 312   2        }
 313   1      }
 314          
 315          ////////////////////////////////////////
 316          // 定时器0中断服务程序
 317          // 入口参数: 无
 318          // 函数返回: 无
 319          ////////////////////////////////////////
 320          void TIMER0_ISR(void) interrupt TMR0_VECTOR
 321          {
 322   1        //<<AICUBE_USER_TIMER0_ISR_CODE1_BEGIN>>
 323   1        if (isOpenPWM)
 324   1        {
 325   2          pwm_counter++;
 326   2          if (pwm_counter >= pwm_half_period_count)
 327   2          {
 328   3            pwm_counter = 0;
 329   3            PWM_PIN = !PWM_PIN; // 翻转引脚输出方波
 330   3          }
 331   2        }
 332   1        //<<AICUBE_USER_TIMER0_ISR_CODE1_END>>
 333   1      }
 334          
 335          //<<AICUBE_USER_FUNCTION_IMPLEMENT_BEGIN>>
 336          // 在此添加用户函数实现代码
 337          //<<AICUBE_USER_FUNCTION_IMPLEMENT_END>>


MODULE INFORMATION:   STATIC OVERLAYABLE
   CODE SIZE        =    526    ----
   CONSTANT SIZE    =      9    ----
   XDATA SIZE       =     39    ----
   PDATA SIZE       =   ----    ----
   DATA SIZE        =   ----    ----
   IDATA SIZE       =   ----    ----
   BIT SIZE         =   ----    ----
END OF MODULE INFORMATION.


C51 COMPILATION COMPLETE.  0 WARNING(S),  0 ERROR(S)
